2026-08-22 01:25:11,426 | INFO | ♻️  Cache chargé : data\cache\v1.parquet
2026-08-22 01:25:11,427 | INFO | 
=================================================================
2026-08-22 01:25:11,427 | INFO | ✅ [CVAE] CHARGEMENT TERMINÉ
2026-08-22 01:25:11,427 | INFO |    Mode         : single
2026-08-22 01:25:11,428 | INFO |    Observations : 2,251
2026-08-22 01:25:11,428 | INFO |    Variables    : 518 (156 quant, 362 cat)
2026-08-22 01:25:11,428 | INFO |    Enquêtes     : ['CVAE']
2026-08-22 01:25:11,480 | INFO |    Mémoire      : 10.0 MB
2026-08-22 01:25:11,480 | INFO | =================================================================
2026-08-22 01:25:11,547 | INFO | ♻️  Cache chargé : data\cache\v2.parquet
2026-08-22 01:25:11,547 | INFO | 
=================================================================
2026-08-22 01:25:11,548 | INFO | ✅ [GAN] CHARGEMENT TERMINÉ
2026-08-22 01:25:11,548 | INFO |    Mode         : single
2026-08-22 01:25:11,548 | INFO |    Observations : 1,954
2026-08-22 01:25:11,548 | INFO |    Variables    : 523 (163 quant, 360 cat)
2026-08-22 01:25:11,548 | INFO |    Enquêtes     : ['GAN']
2026-08-22 01:25:11,567 | INFO |    Mémoire      : 8.7 MB
2026-08-22 01:25:11,567 | INFO | =================================================================
2026-08-22 01:25:11,569 | INFO | ============================================================
2026-08-22 01:25:11,569 | INFO | PIPELINE ASSOCIATION — CVAE
2026-08-22 01:25:11,569 | INFO | Variables sémantiques : 10
2026-08-22 01:25:11,569 | INFO | ============================================================
2026-08-22 01:25:11,570 | INFO | [1/5] Variables sémantiques valides : 10
2026-08-22 01:25:11,570 | INFO |       Variables cibles              : 508
2026-08-22 01:25:11,570 | INFO |       Paires à calculer (m)         : 5,080
2026-08-22 01:25:11,570 | INFO | [2/5] Calcul des associations...
2026-08-22 01:25:22,761 | INFO |       Associations calculées : 1,414
2026-08-22 01:25:22,762 | INFO |       Paires ignorées        : 3,666
2026-08-22 01:25:22,762 | INFO | [3/5] Filtrage FDR (fdr_bh, α=0.1)...
2026-08-22 01:25:22,765 | INFO |       Paires significatives : 916 (64.8%)
2026-08-22 01:25:22,765 | INFO | [4/5] Scoring de sérendipité (Surprise_B)...
2026-08-22 01:25:22,776 | INFO |       LOESS estimé | σ=0.2583 [écart-type empirique] | résidus normaux=non (p=0.0000)
2026-08-22 01:25:22,777 | INFO | [5/5] Partition et classement final...
2026-08-22 01:25:22,780 | INFO |       S_découverte : 15 associations inattendues
2026-08-22 01:25:22,781 | INFO |       S_attendu    : 15 associations prévisibles
2026-08-22 01:25:22,781 | INFO | ============================================================
2026-08-22 01:25:22,801 | INFO | ============================================================
2026-08-22 01:25:22,804 | INFO | PIPELINE ASSOCIATION — GAN
2026-08-22 01:25:22,804 | INFO | Variables sémantiques : 10
2026-08-22 01:25:22,804 | INFO | ============================================================
2026-08-22 01:25:22,805 | INFO | [1/5] Variables sémantiques valides : 10
2026-08-22 01:25:22,805 | INFO |       Variables cibles              : 513
2026-08-22 01:25:22,806 | INFO |       Paires à calculer (m)         : 5,130
2026-08-22 01:25:22,806 | INFO | [2/5] Calcul des associations...
2026-08-22 01:25:33,689 | INFO |       Associations calculées : 1,361
2026-08-22 01:25:33,689 | INFO |       Paires ignorées        : 3,769
2026-08-22 01:25:33,689 | INFO | [3/5] Filtrage FDR (fdr_bh, α=0.1)...
2026-08-22 01:25:33,691 | INFO |       Paires significatives : 801 (58.9%)
2026-08-22 01:25:33,691 | INFO | [4/5] Scoring de sérendipité (Surprise_B)...
2026-08-22 01:25:33,694 | INFO |       LOESS estimé | σ=0.2541 [écart-type empirique] | résidus normaux=non (p=0.0000)
2026-08-22 01:25:33,695 | INFO | [5/5] Partition et classement final...
2026-08-22 01:25:33,700 | INFO |       S_découverte : 15 associations inattendues
2026-08-22 01:25:33,701 | INFO |       S_attendu    : 15 associations prévisibles
2026-08-22 01:25:33,701 | INFO | ============================================================
2026-08-22 23:18:14,362 | INFO | ♻️  Cache chargé : data\cache\v1.parquet
2026-08-22 23:18:14,362 | INFO | 
=================================================================
2026-08-22 23:18:14,362 | INFO | ✅ [CVAE] CHARGEMENT TERMINÉ
2026-08-22 23:18:14,362 | INFO |    Mode         : single
2026-08-22 23:18:14,362 | INFO |    Observations : 2,251
2026-08-22 23:18:14,362 | INFO |    Variables    : 518 (156 quant, 362 cat)
2026-08-22 23:18:14,362 | INFO |    Enquêtes     : ['CVAE']
2026-08-22 23:18:14,420 | INFO |    Mémoire      : 10.0 MB
2026-08-22 23:18:14,420 | INFO | =================================================================
2026-08-22 23:18:14,504 | INFO | ♻️  Cache chargé : data\cache\v2.parquet
2026-08-22 23:18:14,505 | INFO | 
=================================================================
2026-08-22 23:18:14,505 | INFO | ✅ [GAN] CHARGEMENT TERMINÉ
2026-08-22 23:18:14,505 | INFO |    Mode         : single
2026-08-22 23:18:14,505 | INFO |    Observations : 1,954
2026-08-22 23:18:14,506 | INFO |    Variables    : 523 (163 quant, 360 cat)
2026-08-22 23:18:14,506 | INFO |    Enquêtes     : ['GAN']
2026-08-22 23:18:14,517 | INFO |    Mémoire      : 8.7 MB
2026-08-22 23:18:14,517 | INFO | =================================================================
2026-08-22 23:18:14,525 | INFO | ============================================================
2026-08-22 23:18:14,525 | INFO | PIPELINE ASSOCIATION — CVAE
2026-08-22 23:18:14,525 | INFO | Variables sémantiques : 10
2026-08-22 23:18:14,525 | INFO | ============================================================
2026-08-22 23:18:14,525 | INFO | [1/5] Variables sémantiques valides : 10
2026-08-22 23:18:14,525 | INFO |       Variables cibles              : 508
2026-08-22 23:18:14,525 | INFO |       Paires à calculer (m)         : 5,080
2026-08-22 23:18:14,525 | INFO | [2/5] Calcul des associations...
2026-08-22 23:18:24,689 | INFO |       Associations calculées : 1,414
2026-08-22 23:18:24,689 | INFO |       Paires ignorées        : 3,666
2026-08-22 23:18:24,689 | INFO | [3/5] Filtrage FDR (fdr_bh, α=0.1)...
2026-08-22 23:18:24,689 | INFO |       Paires significatives : 916 (64.8%)
2026-08-22 23:18:24,689 | INFO | [4/5] Scoring de sérendipité (Surprise_B)...
2026-08-22 23:18:24,709 | INFO |       LOESS estimé | σ=0.2583 [écart-type empirique] | résidus normaux=non (p=0.0000)
2026-08-22 23:18:24,710 | INFO | [5/5] Partition et classement final...
2026-08-22 23:18:24,714 | INFO |       S_découverte : 15 associations inattendues
2026-08-22 23:18:24,715 | INFO |       S_attendu    : 15 associations prévisibles
2026-08-22 23:18:24,715 | INFO | ============================================================
2026-08-22 23:18:24,731 | INFO | ============================================================
2026-08-22 23:18:24,731 | INFO | PIPELINE ASSOCIATION — GAN
2026-08-22 23:18:24,731 | INFO | Variables sémantiques : 10
2026-08-22 23:18:24,731 | INFO | ============================================================
2026-08-22 23:18:24,731 | INFO | [1/5] Variables sémantiques valides : 10
2026-08-22 23:18:24,731 | INFO |       Variables cibles              : 513
2026-08-22 23:18:24,731 | INFO |       Paires à calculer (m)         : 5,130
2026-08-22 23:18:24,731 | INFO | [2/5] Calcul des associations...
2026-08-22 23:18:34,709 | INFO |       Associations calculées : 1,361
2026-08-22 23:18:34,709 | INFO |       Paires ignorées        : 3,769
2026-08-22 23:18:34,709 | INFO | [3/5] Filtrage FDR (fdr_bh, α=0.1)...
2026-08-22 23:18:34,725 | INFO |       Paires significatives : 801 (58.9%)
2026-08-22 23:18:34,725 | INFO | [4/5] Scoring de sérendipité (Surprise_B)...
2026-08-22 23:18:34,725 | INFO |       LOESS estimé | σ=0.2541 [écart-type empirique] | résidus normaux=non (p=0.0000)
2026-08-22 23:18:34,725 | INFO | [5/5] Partition et classement final...
2026-08-22 23:18:34,734 | INFO |       S_découverte : 15 associations inattendues
2026-08-22 23:18:34,736 | INFO |       S_attendu    : 15 associations prévisibles
2026-08-22 23:18:34,736 | INFO | ============================================================
